C:\Users\Denis\Desktop\7 sem\Pomer\lab2\lb\Logical\Global.typ
C:\Users\Denis\Desktop\7 sem\Pomer\lab2\lb\Logical\Global.var
C:\Users\Denis\Desktop\7 sem\Pomer\lab2\lb\Logical\Libraries\Runtime\runtime.fun
C:\Users\Denis\Desktop\7 sem\Pomer\lab2\lb\Logical\Libraries\Runtime\runtime.typ
C:\Users\Denis\Desktop\7 sem\Pomer\lab2\lb\Logical\Libraries\Runtime\runtime.var
C:\Users\Denis\Desktop\7 sem\Pomer\lab2\lb\Logical\Libraries\Operator\operator.fun
C:\Users\Denis\Desktop\7 sem\Pomer\lab2\lb\Logical\Libraries\Operator\operator.typ
C:\Users\Denis\Desktop\7 sem\Pomer\lab2\lb\Logical\Libraries\Operator\operator.var
C:\Users\Denis\Desktop\7 sem\Pomer\lab2\lb\Logical\Libraries\AsIecCon\AsIecCon.fun
C:\Users\Denis\Desktop\7 sem\Pomer\lab2\lb\Logical\Libraries\AsIecCon\AsIecCon.typ
C:\Users\Denis\Desktop\7 sem\Pomer\lab2\lb\Logical\Libraries\AsIecCon\AsIecCon.var
C:\Users\Denis\Desktop\7 sem\Pomer\lab2\lb\Logical\Libraries\astime\astime.fun
C:\Users\Denis\Desktop\7 sem\Pomer\lab2\lb\Logical\Libraries\astime\astime.typ
C:\Users\Denis\Desktop\7 sem\Pomer\lab2\lb\Logical\Libraries\astime\astime.var
C:\Users\Denis\Desktop\7 sem\Pomer\lab2\lb\Logical\Libraries\sys_lib\sys_lib.fun
C:\Users\Denis\Desktop\7 sem\Pomer\lab2\lb\Logical\Libraries\sys_lib\sys_lib.typ
C:\Users\Denis\Desktop\7 sem\Pomer\lab2\lb\Logical\Libraries\sys_lib\sys_lib.var
C:\Users\Denis\Desktop\7 sem\Pomer\lab2\lb\Logical\Libraries\asstring\asstring.fun
C:\Users\Denis\Desktop\7 sem\Pomer\lab2\lb\Logical\Libraries\asstring\asstring.typ
C:\Users\Denis\Desktop\7 sem\Pomer\lab2\lb\Logical\Libraries\asstring\asstring.var
C:\Users\Denis\Desktop\7 sem\Pomer\lab2\lb\Logical\Libraries\Library\Types.typ
C:\Users\Denis\Desktop\7 sem\Pomer\lab2\lb\Logical\Libraries\Library\Constants.var
C:\Users\Denis\Desktop\7 sem\Pomer\lab2\lb\Logical\Libraries\Library\Library.fun
